// Jest Snapshot v1, https://goo.gl/fbAQLP

exports[`AppBar.vue is a Vue instance 1`] = `
<v-app-bar-stub color="orange" dark="true" tag="header" extensionheight="48" src="" value="true" app="true">
  <v-app-bar-nav-icon-stub></v-app-bar-nav-icon-stub>
  <v-toolbar-title-stub>Star Wars App</v-toolbar-title-stub>
  <v-spacer-stub></v-spacer-stub>
</v-app-bar-stub>
`;
